---
source: crates/idiomatic-core/tests/cascade_golden.rs
expression: ids
---
- compare-none
- negated-in
- print-debugging
- flatten-nesting
- mutable-default-arg
- bare-except
- type-equality
- assert-tuple
- is-literal
- not-is
- not-eq
- len-zero
- dict-keys-iter
- guard-clauses
- comprehension-over-loop
- descriptive-names
- dict-get-default
- enumerate-over-range-len
- f-string-over-format
- star-import
- redundant-lambda
- compare-true-false
- isinstance-tuple
- open-without-context
- unnecessary-comprehension
- chained-comparison
- string-startswith-tuple
- nested-ternary
- type-annotations
- compare-not-none
- range-start-zero
- in-dict-keys
- len-nonzero
- redundant-get-none
- dangerous-eval-exec
- boolean-return-direct
- prefer-any-builtin
- prefer-all-builtin
- prefer-sum-builtin
- prefer-min-max-builtin
- prefer-walrus-operator
- prefer-match-statement
- prefer-conditional-expression
- avoid-global-statement
- prefer-list-literal
- prefer-dict-literal
- prefer-set-literal
- prefer-in-comparison
- prefer-not-in-comparison
- prefer-zip-over-index
- prefer-str-join
- prefer-removeprefix-suffix
- prefer-defaultdict
- prefer-counter
- prefer-setdefault
- prefer-dict-merge-operator
- prefer-dict-items
- prefer-fstring-over-percent
- prefer-generator-expression
- prefer-itertools
- prefer-tuple-unpacking
- prefer-sorted-key
- prefer-reversed
- prefer-extend-over-append-loop
- prefer-set-operations
- bare-raise-exception
- raise-notimplemented
- raise-from-cause
- avoid-assert-for-validation
- prefer-contextlib-suppress
- narrow-try-blocks
- prefer-keyword-only-args
- limit-function-args-py
- prefer-small-functions-py
- prefer-dataclass
- prefer-namedtuple-or-dataclass
- prefer-property-over-getters
- prefer-enum
- prefer-slots
- avoid-stateless-class
- prefer-super-no-args
- avoid-mutable-class-attributes
- prefer-builtin-generics
- prefer-union-pipe
- prefer-protocol
- prefer-final-constants
- annotate-none-return
- prefer-pure-functions-py
- prefer-explicit-bool-conversion
- compare-empty-collection
- no-double-negation
- prefer-pathlib
- prefer-pathlib-io
- prefer-explicit-encoding
- prefer-os-environ-get
- prefer-subprocess-run
- prefer-secrets-for-tokens
- prefer-timezone-aware-datetime
- prefer-module-logger
- prefer-tempfile
- prefer-contextmanager-decorator
- prefer-multiple-context-managers
- prefer-main-guard
- avoid-shadowing-builtins
- prefer-absolute-imports
- document-with-docstrings
- comments-explain-why-py
- avoid-magic-numbers-py
- fail-fast-py
- prefer-dependency-injection-py
- avoid-premature-optimization-py
- validate-at-boundaries-py
- prefer-self-documenting-fstring-debug
- keep-comprehensions-simple
- prefer-functools-cache
- triple-equals
- optional-chaining
- no-console
- arrow-implicit-return
- prefer-named-exports
- no-var
- no-eval
- no-debugger
- no-array-constructor
- prefer-includes
- avoid-any
- no-non-null-assertion
- prefer-spread-array
- prefer-early-return
- boolean-naming
- cohesive-modules
- prefer-object-shorthand
- prefer-template
- no-throw-literal
- prefer-optional-catch-binding
- prefer-for-of
- prefer-string-startswith
- prefer-exponent
- prefer-number-isnan
- prefer-at
- prefer-nullish-coalescing
- no-nested-ternary
- no-object-constructor
- no-unneeded-ternary
- no-self-compare
- no-nan-equality
- prefer-array-some
- prefer-array-find
- prefer-flatmap
- prefer-array-isarray
- prefer-spread-over-apply
- prefer-optional-call
- prefer-object-spread
- prefer-logical-assignment
- prefer-destructuring
- prefer-numeric-separators
- prefer-object-entries
- prefer-set-for-membership
- prefer-map-over-record
- no-for-in-array
- prefer-not-includes
- prefer-date-now
- prefer-object-hasown
- prefer-number-isfinite
- parse-int-radix
- no-new-wrappers
- prefer-unknown-in-catch
- prefer-as-const
- prefer-satisfies
- prefer-type-imports
- avoid-type-assertions
- prefer-readonly-array
- prefer-discriminated-unions
- prefer-record-type
- no-empty-interface
- prefer-explicit-return-types
- no-else-after-return
- no-lonely-if
- prefer-switch-statement
- no-param-reassign
- limit-function-params
- prefer-error-cause
- custom-error-classes
- prefer-string-pad
- prefer-trim-methods
- no-deep-relative-imports
- avoid-barrel-files
- prefer-regexp-test
- prefer-structured-clone
- prefer-immutable-updates
- avoid-shared-mutable-state
- prefer-pure-functions
- prefer-url-api
- prefer-intl-format
- prefer-abort-controller
- prefer-exhaustive-switch
- prefer-type-guards
- prefer-generic-constraints
- avoid-magic-numbers
- avoid-magic-strings
- prefer-private-class-fields
- prefer-composition-over-inheritance
- validate-at-boundaries
- prefer-branded-types
- avoid-enum-prefer-union
- organize-imports
- document-public-api
- comments-explain-why
- prefer-positive-conditionals
- prefer-small-functions
- avoid-flag-parameters
- prefer-early-continue
- extract-complex-conditions
- extract-helper-functions
- consistent-return-types
- handle-promise-rejections
- prefer-finally-cleanup
- avoid-throw-in-finally
- fail-fast-on-invalid-input
- prefer-dependency-injection
- prefer-async-iteration
- avoid-sync-io-in-async
- externalize-configuration
- avoid-premature-optimization
- colocate-related-code
- prefer-readable-over-clever
- avoid-deep-property-chains
- prefer-descriptive-names
- prefer-consistent-async-style
- prefer-immutable-data-by-default
- prefer-const-over-let
- prefer-rest-over-arguments
- prefer-default-parameters
- prefer-arrow-callbacks
- prefer-async-await
- prefer-promise-all
- no-await-in-loop
