---
source: crates/idiomatic-core/tests/cascade_golden.rs
assertion_line: 14
expression: ids
---
- compare-none
- negated-in
- print-debugging
- flatten-nesting
- mutable-default-arg
- bare-except
- type-equality
- assert-tuple
- is-literal
- not-is
- not-eq
- len-zero
- dict-keys-iter
- guard-clauses
- comprehension-over-loop
- descriptive-names
- dict-get-default
- enumerate-over-range-len
- f-string-over-format
- star-import
- redundant-lambda
- compare-true-false
- isinstance-tuple
- open-without-context
- unnecessary-comprehension
- chained-comparison
- string-startswith-tuple
- nested-ternary
- type-annotations
- triple-equals
- optional-chaining
- no-console
- arrow-implicit-return
- prefer-named-exports
- no-var
- no-eval
- no-debugger
- no-array-constructor
- prefer-includes
- avoid-any
- no-non-null-assertion
- prefer-spread-array
- prefer-early-return
- boolean-naming
- cohesive-modules
- prefer-object-shorthand
- prefer-template
- no-throw-literal
- prefer-optional-catch-binding
- prefer-for-of
- prefer-string-startswith
- prefer-exponent
- prefer-number-isnan
- prefer-at
- prefer-nullish-coalescing
- no-nested-ternary
